** Drc report for Displayboard.kicad_pcb **
** Created on 2026-01-17T13:13:53+0000 **

** Found 11 DRC violations **
[lib_footprint_issues]: The current configuration does not include the footprint library 'Wuerth'.
    ; warning
    @(218.55 mm, 145.6 mm): Footprint SW403
[lib_footprint_issues]: The current configuration does not include the footprint library 'Wuerth'.
    ; warning
    @(187.55 mm, 145.6 mm): Footprint SW401
[lib_footprint_issues]: The current configuration does not include the footprint library 'Wuerth'.
    ; warning
    @(234.05 mm, 145.6 mm): Footprint SW404
[lib_footprint_issues]: The current configuration does not include the footprint library 'Display_Kampi'.
    ; warning
    @(207.5 mm, 112.5 mm): Footprint REF**
[lib_footprint_issues]: The current configuration does not include the footprint library 'E-Switch'.
    ; warning
    @(254.5 mm, 136.0 mm): Footprint S401
[lib_footprint_issues]: The current configuration does not include the footprint library 'Wuerth'.
    ; warning
    @(203.05 mm, 145.6 mm): Footprint SW402
[lib_footprint_issues]: The current configuration does not include the footprint library 'Molex_Kampi'.
    ; warning
    @(218.5 mm, 112.0 mm): Footprint X502
[lib_footprint_mismatch]: Footprint 'Amphenol_F32R-1A7x1-11014_1x14-1MP_P0.5mm_Horizontal' does not match copy in library 'Connector_FFC-FPC'.
    ; warning
    @(244.5 mm, 92.5 mm): Footprint X503
[lib_footprint_mismatch]: Footprint 'Amphenol_F32R-1A7x1-11006_1x06-1MP_P0.5mm_Horizontal' does not match copy in library 'Connector_FFC-FPC'.
    ; warning
    @(199.0 mm, 94.4 mm): Footprint X501
[lib_footprint_mismatch]: Footprint 'SOT-23' does not match copy in library 'Package_TO_SOT_SMD'.
    ; warning
    @(213.374998 mm, 121.4875 mm): Footprint Q501
[lib_footprint_mismatch]: Footprint 'HVQFN-24-1EP_4x4mm_P0.5mm_EP2.1x2.1mm' does not match copy in library 'Package_DFN_QFN'.
    ; warning
    @(224.6375 mm, 123.6 mm): Footprint IC401

** Found 0 unconnected pads **

** Found 9 Footprint errors **
[duplicate_footprints]: Duplicate footprints
    ; warning
    @(255.5 mm, 149.5 mm): Footprint REF**
    @(207.5 mm, 112.5 mm): Footprint REF**
[duplicate_footprints]: Duplicate footprints
    ; warning
    @(255.5 mm, 79.5 mm): Footprint REF**
    @(207.5 mm, 112.5 mm): Footprint REF**
[duplicate_footprints]: Duplicate footprints
    ; warning
    @(159.5 mm, 79.5 mm): Footprint REF**
    @(207.5 mm, 112.5 mm): Footprint REF**
[duplicate_footprints]: Duplicate footprints
    ; warning
    @(159.5 mm, 149.5 mm): Footprint REF**
    @(207.5 mm, 112.5 mm): Footprint REF**
[extra_footprint]: Extra footprint
    ; warning
    @(207.5 mm, 112.5 mm): Footprint REF**
[extra_footprint]: Extra footprint
    ; warning
    @(255.5 mm, 149.5 mm): Footprint REF**
[extra_footprint]: Extra footprint
    ; warning
    @(255.5 mm, 79.5 mm): Footprint REF**
[extra_footprint]: Extra footprint
    ; warning
    @(159.5 mm, 79.5 mm): Footprint REF**
[extra_footprint]: Extra footprint
    ; warning
    @(159.5 mm, 149.5 mm): Footprint REF**

** End of Report **
